\BOOKMARK [0][-]{section*.1}{\376\377\000D\000a\000n\000h\000\040\000s\000\341\000c\000h\000\040\000b\000a\000n\000g}{}% 1
\BOOKMARK [0][-]{section*.2}{\376\377\000D\000a\000n\000h\000\040\000s\000\341\000c\000h\000\040\000h\000\354\000n\000h\000\040\000v\036\275}{}% 2
\BOOKMARK [0][-]{chapter*.3}{\376\377\000L\036\335\000i\000\040\000m\036\337\000\040\001\021\036\247\000u}{}% 3
\BOOKMARK [-1][-]{part*.4}{\376\377\000I\000\040\000T\000h\000i\036\277\000t\000\040\000k\036\277\000\040\000C\000o\000n\000c\000e\000p\000t\000u\000a\000l}{}% 4
\BOOKMARK [0][-]{chapter*.5}{\376\377\000P\000h\000\342\000n\000\040\000t\000\355\000c\000h\000\040\000n\000g\000h\000i\036\307\000p\000\040\000v\036\345\000\040\000v\000\340\000\040\000x\000\341\000c\000\040\001\021\036\313\000n\000h\000\040\000y\000\352\000u\000\040\000c\036\247\000u}{part*.4}% 5
\BOOKMARK [1][-]{section*.6}{\376\377\000P\000h\000\342\000n\000\040\000t\000\355\000c\000h\000\040\000n\000g\000h\000i\036\307\000p\000\040\000v\036\345}{chapter*.5}% 6
\BOOKMARK [1][-]{section*.16}{\376\377\000P\000h\036\241\000m\000\040\000v\000i\000\040\000d\036\357\000\040\000l\000i\036\307\000u}{chapter*.5}% 7
\BOOKMARK [1][-]{section*.19}{\376\377\000K\036\277\000t\000\040\000l\000u\036\255\000n\000\040\000c\000h\001\260\001\241\000n\000g}{chapter*.5}% 8
\BOOKMARK [0][-]{chapter*.20}{\376\377\000M\000\364\000\040\000h\000\354\000n\000h\000\040\000k\000h\000\341\000i\000\040\000n\000i\036\307\000m\000\040\000v\000\340\000\040\000E\000R\000D}{part*.4}% 9
\BOOKMARK [1][-]{section*.21}{\376\377\000X\000\341\000c\000\040\001\021\036\313\000n\000h\000\040\000t\000h\036\361\000c\000\040\000t\000h\036\303\000\040\000v\000\340\000\040\000t\000h\000u\036\331\000c\000\040\000t\000\355\000n\000h}{chapter*.20}% 10
\BOOKMARK [1][-]{section*.23}{\376\377\000X\000\341\000c\000\040\001\021\036\313\000n\000h\000\040\000k\000h\000\363\000a\000\040\000c\000h\000\355\000n\000h}{chapter*.20}% 11
\BOOKMARK [1][-]{section*.25}{\376\377\000X\000\341\000c\000\040\001\021\036\313\000n\000h\000\040\000m\036\321\000i\000\040\000q\000u\000a\000n\000\040\000h\036\307}{chapter*.20}% 12
\BOOKMARK [1][-]{section*.27}{\376\377\000M\000\364\000\040\000h\000\354\000n\000h\000\040\000E\000R\000D}{chapter*.20}% 13
\BOOKMARK [1][-]{section*.29}{\376\377\000K\000i\036\303\000m\000\040\000t\000r\000a\000\040\000m\000\364\000\040\000h\000\354\000n\000h\000\040\000k\000h\000\341\000i\000\040\000n\000i\036\307\000m}{chapter*.20}% 14
\BOOKMARK [1][-]{section*.30}{\376\377\000K\036\277\000t\000\040\000l\000u\036\255\000n\000\040\000c\000h\001\260\001\241\000n\000g}{chapter*.20}% 15
\BOOKMARK [-1][-]{part*.31}{\376\377\000I\000I\000\040\000T\000h\000i\036\277\000t\000\040\000k\036\277\000\040\000L\000o\000g\000i\000c\000a\000l}{}% 16
\BOOKMARK [0][-]{chapter*.32}{\376\377\000C\000h\000u\000y\036\303\000n\000\040\001\021\036\325\000i\000\040\000E\000R\000D\000\040\000s\000a\000n\000g\000\040\000m\000\364\000\040\000h\000\354\000n\000h\000\040\000q\000u\000a\000n\000\040\000h\036\307}{part*.31}% 17
\BOOKMARK [1][-]{section*.33}{\376\377\000M\000\364\000\040\000h\000\354\000n\000h\000\040\000q\000u\000a\000n\000\040\000h\036\307\000\040\000h\000o\000\340\000n\000\040\000c\000h\036\311\000n\000h}{chapter*.32}% 18
\BOOKMARK [1][-]{section*.35}{\376\377\000\301\000n\000h\000\040\000x\036\241\000\040\000q\000u\000a\000n\000\040\000h\036\307\000\040\0001\000:\000N}{chapter*.32}% 19
\BOOKMARK [1][-]{section*.37}{\376\377\000Q\000u\000a\000n\000\040\000h\036\307\000\040\000B\000o\000o\000k\000i\000n\000g\000\040\040\023\000\040\000I\000n\000v\000o\000i\000c\000e}{chapter*.32}% 20
\BOOKMARK [1][-]{section*.38}{\376\377\000K\036\277\000t\000\040\000l\000u\036\255\000n\000\040\000c\000h\001\260\001\241\000n\000g}{chapter*.32}% 21
\BOOKMARK [0][-]{chapter*.39}{\376\377\000C\000h\000u\036\251\000n\000\040\000h\000\363\000a\000\040\000c\001\241\000\040\000s\036\337\000\040\000d\036\357\000\040\000l\000i\036\307\000u}{part*.31}% 22
\BOOKMARK [1][-]{section*.40}{\376\377\000C\000h\000u\036\251\000n\000\040\000t\000h\036\351\000\040\000n\000h\036\245\000t\000\040\040\023\000\040\0001\000N\000F}{chapter*.39}% 23
\BOOKMARK [1][-]{section*.42}{\376\377\000C\000h\000u\036\251\000n\000\040\000t\000h\036\351\000\040\000h\000a\000i\000\040\040\023\000\040\0002\000N\000F}{chapter*.39}% 24
\BOOKMARK [1][-]{section*.46}{\376\377\000C\000h\000u\036\251\000n\000\040\000t\000h\036\351\000\040\000b\000a\000\040\040\023\000\040\0003\000N\000F}{chapter*.39}% 25
\BOOKMARK [1][-]{section*.49}{\376\377\000T\036\325\000n\000g\000\040\000h\036\343\000p\000\040\000k\036\277\000t\000\040\000q\000u\036\243\000\040\000c\000h\000u\036\251\000n\000\040\000h\000\363\000a}{chapter*.39}% 26
\BOOKMARK [1][-]{section*.51}{\376\377\000C\000\341\000c\000\040\000b\036\245\000t\000\040\000t\000h\001\260\036\335\000n\000g\000\040\001\021\001\260\036\343\000c\000\040\000h\036\241\000n\000\040\000c\000h\036\277}{chapter*.39}% 27
\BOOKMARK [1][-]{section*.53}{\376\377\000K\036\277\000t\000\040\000l\000u\036\255\000n\000\040\000c\000h\001\260\001\241\000n\000g}{chapter*.39}% 28
\BOOKMARK [-1][-]{part*.54}{\376\377\000I\000I\000I\000\040\000T\000h\000i\036\277\000t\000\040\000k\036\277\000\040\000P\000h\000y\000s\000i\000c\000a\000l}{}% 29
\BOOKMARK [0][-]{chapter*.55}{\376\377\000T\000h\000i\036\277\000t\000\040\000k\036\277\000\040\000v\036\255\000t\000\040\000l\000\375}{part*.54}% 30
\BOOKMARK [1][-]{section*.56}{\376\377\000K\000i\036\303\000u\000\040\000d\036\357\000\040\000l\000i\036\307\000u\000\040\000v\000\340\000\040\000r\000\340\000n\000g\000\040\000b\000u\036\331\000c}{chapter*.55}% 31
\BOOKMARK [1][-]{section*.59}{\376\377\000D\036\357\000\040\000l\000i\036\307\000u\000\040\000m\036\253\000u}{chapter*.55}% 32
\BOOKMARK [1][-]{section*.60}{\376\377\000K\000i\036\303\000m\000\040\000t\000r\000a\000\040\000d\036\357\000\040\000l\000i\036\307\000u\000\040\000m\036\253\000u}{chapter*.55}% 33
\BOOKMARK [1][-]{section*.62}{\376\377\000K\036\277\000t\000\040\000l\000u\036\255\000n\000\040\000c\000h\001\260\001\241\000n\000g}{chapter*.55}% 34
\BOOKMARK [0][-]{chapter*.63}{\376\377\000T\000r\000u\000y\000\040\000v\036\245\000n\000\040\000v\000\340\000\040\000k\000h\000a\000i\000\040\000t\000h\000\341\000c\000\040\000d\036\357\000\040\000l\000i\036\307\000u}{part*.54}% 35
\BOOKMARK [0][-]{chapter*.74}{\376\377\000K\000i\036\303\000m\000\040\000t\000h\036\355\000\040\000v\000\340\000\040\001\021\000\341\000n\000h\000\040\000g\000i\000\341}{part*.54}% 36
\BOOKMARK [1][-]{section*.81}{\376\377\001\020\000\341\000n\000h\000\040\000g\000i\000\341}{chapter*.74}% 37
\BOOKMARK [1][-]{section*.82}{\376\377\000K\036\277\000t\000\040\000l\000u\036\255\000n\000\040\000c\000h\001\260\001\241\000n\000g}{chapter*.74}% 38
\BOOKMARK [-1][-]{part*.83}{\376\377\000I\000V\000\040\000K\036\277\000t\000\040\000l\000u\036\255\000n}{}% 39
\BOOKMARK [0][-]{chapter*.84}{\376\377\000K\036\277\000t\000\040\000l\000u\036\255\000n\000\040\000v\000\340\000\040\000h\001\260\036\333\000n\000g\000\040\000p\000h\000\341\000t\000\040\000t\000r\000i\036\303\000n}{part*.83}% 40
\BOOKMARK [1][-]{section*.86}{\376\377\000K\036\277\000t\000\040\000q\000u\036\243\000\040\001\021\036\241\000t\000\040\001\021\001\260\036\343\000c\000\040\000v\000\340\000\040\000H\036\241\000n\000\040\000c\000h\036\277}{chapter*.84}% 41
\BOOKMARK [1][-]{section*.89}{\376\377\000H\001\260\036\333\000n\000g\000\040\000p\000h\000\341\000t\000\040\000t\000r\000i\036\303\000n}{chapter*.84}% 42
\BOOKMARK [1][-]{section*.90}{\376\377\000K\036\277\000t\000\040\000l\000u\036\255\000n}{chapter*.84}% 43
\BOOKMARK [-1][-]{part*.91}{\376\377\000V\000\040\000P\000h\036\345\000\040\000l\036\345\000c}{}% 44
\BOOKMARK [0][-]{chapter*.92}{\376\377\000D\036\357\000\040\000l\000i\036\307\000u\000\040\000m\036\253\000u}{part*.91}% 45
\BOOKMARK [0][-]{appendix*.102}{\376\377\000T\000\340\000i\000\040\000l\000i\003\043\000u\000\040\000t\000h\000a\000m\000\040\000k\000h\000a\000o}{part*.91}% 46
\BOOKMARK [0][-]{appendix*.103}{\376\377\000L\036\335\000i\000\040\000c\036\243\000m\000\040\001\241\000n}{part*.91}% 47
